[cloudera@quickstart ~]$ cd redis-5.0.5
[cloudera@quickstart redis-5.0.5]$ src/redis-cli
127.0.0.1:6379> ping
PONG
127.0.0.1:6379> SET 1 "ENGENHARIA DE DADOS"
OK
127.0.0.1:6379> GET 1
"ENGENHARIA DE DADOS"
127.0.0.1:6379> MSET 1040 ANALISTA 1050 GERENTE 1060 TESTADOR
OK
127.0.0.1:6379> EXISTS 1
(integer) 1
127.0.0.1:6379> EXISTS 455
(integer) 0
127.0.0.1:6379> DEL 1
(integer) 1
127.0.0.1:6379> DEL 1
(integer) 0
[cloudera@quickstart ~]$ cd redis-5.0.5
[cloudera@quickstart redis-5.0.5]$ src/redis-cli
127.0.0.1:6379> ping
PONG
127.0.0.1:6379> SET 1 "ENGENHARIA DE DADOS"
OK
127.0.0.1:6379> GET 1
"ENGENHARIA DE DADOS"
127.0.0.1:6379> MSET 1040 ANALISTA 1050 GERENTE 1060 TESTADOR
OK
127.0.0.1:6379> EXISTS 1
(integer) 1
127.0.0.1:6379> EXISTS 455
(integer) 0
127.0.0.1:6379> DEL 1
(integer) 1
127.0.0.1:6379> DEL 1
(integer) 0
127.0.0.1:6379> SET 1020 "ENGENHEIRO DE DADOS"
OK
127.0.0.1:6379> GET 1020
"ENGENHEIRO DE DADOS"
127.0.0.1:6379> GETRANGE 1020 0 9
"ENGENHEIRO"
127.0.0.1:6379> SET 1030 "CIENTISTA DE DADOS"
OK
127.0.0.1:6379> GETSET 1030 "CIENTISTAS DE DADOS"
"CIENTISTA DE DADOS"
127.0.0.1:6379> GET 1030
"CIENTISTAS DE DADOS"
127.0.0.1:6379> MGET 1020 1030
1) "ENGENHEIRO DE DADOS"
2) "CIENTISTAS DE DADOS"
127.0.0.1:6379> STRLEN 1020
(integer) 19
127.0.0.1:6379> STRLEN 1030
(integer) 19
127.0.0.1:6379> HMSET CADASTRO NOME JOSE PROFISSAO ENGENHEIRO CIDADE "SANTA MARIA"
OK
127.0.0.1:6379> HDEL CADASTRO CIDADE
(integer) 1
127.0.0.1:6379> HGETALL CADASTRO
1) "NOME"
2) "JOSE"
3) "PROFISSAO"
4) "ENGENHEIRO"
127.0.0.1:6379> HMGET CADASTRO NOME PROFISSAO
1) "JOSE"
2) "ENGENHEIRO"
127.0.0.1:6379> HVALS CADASTRO
1) "JOSE"
2) "ENGENHEIRO"
127.0.0.1:6379> HGETALL CADASTRO
1) "NOME"
2) "JOSE"
3) "PROFISSAO"
4) "ENGENHEIRO"
127.0.0.1:6379> HEXISTS CADASTRO NOME
(integer) 1
127.0.0.1:6379> HEXISTS CADASTRO NOMES
(integer) 0
127.0.0.1:6379> HLEN CADASTRO
(integer) 2
127.0.0.1:6379> HKEYS CADASTRO
1) "NOME"
2) "PROFISSAO"
127.0.0.1:6379> LPUSH 4545 SQLSERVEWR ORACLE POSTGRES MYSQL
(integer) 4
127.0.0.1:6379> RPUSH 4545 DB2
(integer) 5
127.0.0.1:6379> LRANGE 4545 0 3
1) "MYSQL"
2) "POSTGRES"
3) "ORACLE"
4) "SQLSERVEWR"
127.0.0.1:6379> LRANGE 4545 0 4
1) "MYSQL"
2) "POSTGRES"
3) "ORACLE"
4) "SQLSERVEWR"
5) "DB2"
127.0.0.1:6379> LINSERT 4545 AFTER ORACLE FIREBIRD
(integer) 6
127.0.0.1:6379> LRANGE 4545 0 5
1) "MYSQL"
2) "POSTGRES"
3) "ORACLE"
4) "FIREBIRD"
5) "SQLSERVEWR"
6) "DB2"
127.0.0.1:6379> LINSERT 4545 BEFORE FIREBIRD SQLITE
(integer) 7
127.0.0.1:6379> LRANGE 4545 0 6
1) "MYSQL"
2) "POSTGRES"
3) "ORACLE"
4) "SQLITE"
5) "FIREBIRD"
6) "SQLSERVEWR"
7) "DB2"
127.0.0.1:6379> LSET 454 1 POSTGRESQL
(error) ERR no such key
127.0.0.1:6379> LSET 4545 1 POSTGRESQL
OK
127.0.0.1:6379> LINDEX 4545 0
"MYSQL"
127.0.0.1:6379> LLEN 4545
(integer) 7
127.0.0.1:6379> LPOP 4545
"MYSQL"
127.0.0.1:6379> RPOP 4545
"DB2"
127.0.0.1:6379> SADD 13 HADOOP SPARK HIVE PIG
(integer) 4
127.0.0.1:6379> SADD 13 FLUME OOZIE SOLR
(integer) 3
127.0.0.1:6379> SADD 13 HADOOP
(integer) 0
127.0.0.1:6379> SMEMBERS 13
1) "PIG"
2) "HADOOP"
3) "SPARK"
4) "FLUME"
5) "SOLR"
6) "OOZIE"
7) "HIVE"
127.0.0.1:6379> SCARD 13
(integer) 7
127.0.0.1:6379> SISMEMBER 13 HADOOP
(integer) 1
127.0.0.1:6379> SISMEMBER 13 SQLSERVER
(integer) 0
127.0.0.1:6379> SREM 13 OOZIE SPARK
(integer) 2
127.0.0.1:6379> SMEMBERS 13
1) "HADOOP"
2) "FLUME"
3) "SOLR"
4) "HIVE"
5) "PIG"
127.0.0.1:6379> SADD 14 HIVE HADOOP SPARK
(integer) 3
127.0.0.1:6379> SDIFF 13 14
1) "FLUME"
2) "SOLR"
3) "PIG"
127.0.0.1:6379> SDIFF 14 13
1) "SPARK"
127.0.0.1:6379> SINTER 13 14
1) "HADOOP"
2) "HIVE"
127.0.0.1:6379> SINTER 14 13
1) "HADOOP"
2) "HIVE"
127.0.0.1:6379> ZADD 35 0 NOSQL
(integer) 1
127.0.0.1:6379> ZADD 35 5 RELACIONAL
(integer) 1
127.0.0.1:6379> ZADD 35 4 DIMENSIONAL
(integer) 1
127.0.0.1:6379> ZCARD 35
(integer) 3
127.0.0.1:6379> ZRANK 35 DIMENSIONAL
(integer) 1
127.0.0.1:6379> ZCOUNT 35 0 4
(integer) 2
127.0.0.1:6379> ZCOUNT 35 0 5
(integer) 3
127.0.0.1:6379> ZSCORE 35 RELACIONAL
"5"
127.0.0.1:6379> ZRANGE 35 0 1
1) "NOSQL"
2) "DIMENSIONAL"
127.0.0.1:6379> ZRANGE 35 0 3 WITHSCORES
1) "NOSQL"
2) "0"
3) "DIMENSIONAL"
4) "4"
5) "RELACIONAL"
6) "5"
127.0.0.1:6379> ZREM 35 DIMENSIONAL
(integer) 1
127.0.0.1:6379> ZRANGE 35 0 2
1) "NOSQL"
2) "RELACIONAL"
127.0.0.1:6379> MULTI
OK
127.0.0.1:6379> EXEC
(empty list or set)
127.0.0.1:6379> MULTI
OK
127.0.0.1:6379> SET 145 "REDIS NOSQL"
QUEUED
127.0.0.1:6379> SET 146 "MONGODB NOSQL"
QUEUED
127.0.0.1:6379> EXEC
1) OK
2) OK
127.0.0.1:6379> EXISTS 145
(integer) 1
127.0.0.1:6379> EXISTS 146
(integer) 1
127.0.0.1:6379> MULTI
OK
127.0.0.1:6379> SET 1213 "REDIS NOSQL"
QUEUED
127.0.0.1:6379> SET 1214 "MONGODB NOSQL"
QUEUED
127.0.0.1:6379> DISCARD
OK
127.0.0.1:6379> EXISTS 1213
(integer) 0
127.0.0.1:6379> EXISTS 1214
(integer) 0